{
  "geo_shape":{
    "data.SpatialLocation.Wgs84Coordinates":{
      "shape":"{coordinates=[-8.61, 1.02], type=Circle, radius=1000.0m}",
      "relation":"within"
    },
    "boost":1.0,
    "ignore_unmapped":true
  }
}