{
    "bool": {
        "must": [
            {
                "query_string": {
                    "query": "TEXAS OR TX",
                    "fields": [],
                    "type": "best_fields",
                    "default_operator": "or",
                    "max_determinized_states": 10000,
                    "allow_leading_wildcard": false,
                    "enable_position_increments": true,
                    "fuzziness": "AUTO",
                    "fuzzy_prefix_length": 0,
                    "fuzzy_max_expansions": 50,
                    "phrase_slop": 0,
                    "escape": false,
                    "auto_generate_synonyms_phrase_query": true,
                    "fuzzy_transpositions": true,
                    "boost": 1.0
                }
            }
        ],
        "adjust_pure_negative": true,
        "boost": 1.0
    }
}