{
  "filter": [{
    "terms": {
      "x-acl": ["data.welldb.viewers@common.evd.cloud.slb-ds.com", "data.npd.viewers@common.evd.cloud.slb-ds.com"]
    }
  }
  ],
  "must_not": [{
    "exists": {
      "field": "collaborationId"
    }
  }
  ]
}
